// Jest Snapshot v1, https://goo.gl/fbAQLP

exports[`Home renders default 1`] = `
<h1>
  hello handsome
</h1>
`;
